
> pos@0.0.1 build
> quasar build


 .d88888b.
d88P" "Y88b
888     888
888     888 888  888  8888b.  .d8888b   8888b.  888d888
888     888 888  888     "88b 88K          "88b 888P"
888 Y8b 888 888  888 .d888888 "Y8888b. .d888888 888
Y88b.Y8b88P Y88b 888 888  888      X88 888  888 888
 "Y888888"   "Y88888 "Y888888  88888P' "Y888888 888
       Y8b


 Build mode............. spa
 Pkg quasar............. v2.18.6
 Pkg @quasar/app-vite... v2.4.1
 Pkg vite............... v7.3.1
 Debugging.............. no
 Publishing............. no

 App ÔÇó Using quasar.config.ts in "ts" format
 App ÔÇó Using .env files: .env
 App ÔÇó  WAIT  ÔÇó Compiling of SPA UI with Vite in progress...

C:\proyectostienda\pos\src\components\CrearOrdenes.vue
  112:46  error  Unexpected any. Specify a different type                                           @typescript-eslint/no-explicit-any
  112:81  error  Unexpected any. Specify a different type                                           @typescript-eslint/no-explicit-any
  115:48  error  Unexpected any. Specify a different type                                           @typescript-eslint/no-explicit-any
  121:34  error  Unexpected any. Specify a different type                                           @typescript-eslint/no-explicit-any
  190:42  error  Unexpected any. Specify a different type                                           @typescript-eslint/no-explicit-any
  243:38  error  Unexpected any. Specify a different type                                           @typescript-eslint/no-explicit-any
  266:29  error  Unexpected any. Specify a different type                                           @typescript-eslint/no-explicit-any
  327:61  error  Unexpected any. Specify a different type                                           @typescript-eslint/no-explicit-any
  328:59  error  Unexpected any. Specify a different type                                           @typescript-eslint/no-explicit-any
  358:46  error  Unexpected any. Specify a different type                                           @typescript-eslint/no-explicit-any
  364:33  error  This assertion is unnecessary since it does not change the type of the expression  @typescript-eslint/no-unnecessary-type-assertion
  365:33  error  This assertion is unnecessary since it does not change the type of the expression  @typescript-eslint/no-unnecessary-type-assertion

C:\proyectostienda\pos\src\pages\ProductsPage.vue
  14:49  error  Unexpected any. Specify a different type  @typescript-eslint/no-explicit-any

Ô£û 13 problems (13 errors, 0 warnings)
  2 errors and 0 warnings potentially fixable with the `--fix` option.

