src/pages/CatsTiePage.vue(254,64): error TS2345: Argument of type '{ comentarios: string; comprador: string; productos: { productoId: number; nombre: string; cantidad: number; medida: string; }[]; estado: "pendiente"; total: number; }' is not assignable to parameter of type 'Partial<Pedido>'.
  Types of property 'productos' are incompatible.
    Type '{ productoId: number; nombre: string; cantidad: number; medida: string; }[]' is not assignable to type 'ProductoPedido[]'.
      Property 'precio_unitario' is missing in type '{ productoId: number; nombre: string; cantidad: number; medida: string; }' but required in type 'ProductoPedido'.
src/pages/CatsTiePage.vue(258,42): error TS2345: Argument of type '{ comentarios: string; comprador: string; productos: { productoId: number; nombre: string; cantidad: number; medida: string; }[]; estado: "pendiente"; total: number; }' is not assignable to parameter of type 'Omit<Pedido, "id" | "fecha">'.
  Types of property 'productos' are incompatible.
    Type '{ productoId: number; nombre: string; cantidad: number; medida: string; }[]' is not assignable to type 'ProductoPedido[]'.
      Property 'precio_unitario' is missing in type '{ productoId: number; nombre: string; cantidad: number; medida: string; }' but required in type 'ProductoPedido'.
src/pages/ProdsTiePage.vue(316,11): error TS2322: Type '{ productoId: number; nombre: string; cantidad: number; medida: string; }[]' is not assignable to type 'ProductoPedido[]'.
  Property 'precio_unitario' is missing in type '{ productoId: number; nombre: string; cantidad: number; medida: string; }' but required in type 'ProductoPedido'.
